[wireless-experts.com/index.html]
[wireless-experts.com/sitemap.html]
[backblue.gif]
[fade.gif]
[index.html]
[wireless-experts.com/images/Others/favicon/favicon.ico]
[wireless-experts.com/SpryAssets/SpryTabbedPanels.js]
[wireless-experts.com/MyMenu3/MyMenu3.js]
[ajax.googleapis.com/ajax/libs/jquery/1.12.4/jquery.min.js]
[wireless-experts.com/js/bootstrap-3.3.7.js]
[wireless-experts.com/PTS4077F.html]
[wireless-experts.com/images/png/PTS-4077F_carousel.png]
[wireless-experts.com/PIM-21B.html]
[wireless-experts.com/images/png/PIM21B_carousel.png]
[wireless-experts.com/phLCDTv&MP.html]
[wireless-experts.com/images/png/PHLCD_carousel.png]
[wireless-experts.com/government.html]
[wireless-experts.com/images/jpg/govtSystemsPicture.jpg]
[wireless-experts.com/education.html]
[wireless-experts.com/images/jpg/eduSystemsPicture.jpg]
[wireless-experts.com/corporate.html]
[wireless-experts.com/images/jpg/corporateSystemsPicture.jpg]
[wireless-experts.com/residential.html]
[wireless-experts.com/images/jpg/resiSystemsPicture.jpg]
[wireless-experts.com/hospitality.html]
[wireless-experts.com/images/jpg/hospitalitySystemsPicture.jpg]
[wireless-experts.com/how.html]
[wireless-experts.com/images/jpg/howSystemsPicture.jpg]
[wireless-experts.com/culturalandevents.html]
[wireless-experts.com/images/jpg/ceSystemsPicture.jpg]
[wireless-experts.com/healthcare.html]
[wireless-experts.com/images/jpg/hcSystemsPicture.jpg]
[wireless-experts.com/images/png/pragmatic03.png]
[wireless-experts.com/reseller.html]
[wireless-experts.com/quote.html]
[wireless-experts.com/aboutus.html]
[wireless-experts.com/dealers.html]
[wireless-experts.com/Press-releases.html]
[wireless-experts.com/support.html]
[wireless-experts.com/Manuals, diagrams, DS.html]
[wireless-experts.com/joinemail.html]
[wireless-experts.com/index.html]
[img1.wsimg.com/tcc/tcc_l.combined.1.0.6.min.js]
[wireless-experts.com/js/jquery-1.11.3.min.js]
[wireless-experts.com/images/png/source components/source-components_thumbnail.png]
[wireless-experts.com/sourceComponents.html]
[wireless-experts.com/muse.html]
[wireless-experts.com/tuners.html]
[wireless-experts.com/tunr1.html]
[wireless-experts.com/digitaltuner.html]
[wireless-experts.com/images/png/speakers/speakers_thumbnail.png]
[wireless-experts.com/directionalSpeakers.html]
[wireless-experts.com/Linearrays.html]
[wireless-experts.com/pha-4.html]
[wireless-experts.com/pha-8.html]
[wireless-experts.com/pha-16.html]
[wireless-experts.com/pha-25.html]
[wireless-experts.com/pha-184.html]
[wireless-experts.com/pha-264.html]
[wireless-experts.com/pha-5125.html]
[wireless-experts.com/broadDispersion.html]
[wireless-experts.com/PTS-234WD.html]
[wireless-experts.com/PTS-SMBGM1.html]
[wireless-experts.com/activeSpeakers.html]
[wireless-experts.com/PTS-1.html]
[wireless-experts.com/SoundMasking.html]
[wireless-experts.com/images/png/Audio Systems/audio-systems_thumbnail.png]
[wireless-experts.com/AudioSystems.html]
[wireless-experts.com/DistributedMusicSystems.html]
[wireless-experts.com/DMS-2.1.html]
[wireless-experts.com/DMS-4.4.html]
[wireless-experts.com/PAC-CIS1.html]
[wireless-experts.com/PAsystems.html]
[wireless-experts.com/PAS-5125.html]
[wireless-experts.com/pas-8.html]
[wireless-experts.com/pasport.html]
[wireless-experts.com/PragmaticAudioDistribution.html]
[wireless-experts.com/PADS_USB.html]
[wireless-experts.com/PPoE.html]
[wireless-experts.com/PH4.html]
[wireless-experts.com/PH16.html]
[wireless-experts.com/LSAD-1.html]
[wireless-experts.com/TwistedPairAudioSystem.html]
[wireless-experts.com/TPA.html]
[wireless-experts.com/CC-TPA-USB-35VC.html]
[wireless-experts.com/images/png/DAVES/DAVES_sitemap_thumbnail.png]
[wireless-experts.com/DistributedAVEntertainmentSystems.html]
[wireless-experts.com/DAVES-4.4.html]
[wireless-experts.com/DAVES-4.6.html]
[wireless-experts.com/images/png/Amplifiers/Amplifiers_thumbnail.png]
[wireless-experts.com/Amplifiers.html]
[wireless-experts.com/StereoHideAwayAmplifiers.html]
[wireless-experts.com/SAA-212.html]
[wireless-experts.com/SAA-224.html]
[wireless-experts.com/SAA-236.html]
[wireless-experts.com/SAA-248.html]
[wireless-experts.com/MonoBlockHideAwayAmplifiers.html]
[wireless-experts.com/MBA-120.html]
[wireless-experts.com/MBA-120-PS.html]
[wireless-experts.com/MBA-124.html]
[wireless-experts.com/MBA-136.html]
[wireless-experts.com/MBA-148.html]
[wireless-experts.com/InWallAmplifiers.html]
[wireless-experts.com/SIWA-224.html]
[wireless-experts.com/SIWA-236.html]
[wireless-experts.com/SIWA-248.html]
[wireless-experts.com/MultiChannelAmplifiers.html]
[wireless-experts.com/MCA-1248.html]
[wireless-experts.com/PreAmplifiers.html]
[wireless-experts.com/preamp9.html]
[wireless-experts.com/images/png/HDMI, VGA, SD over CAT5/thumbnail.png]
[wireless-experts.com/HDMI-VGA-SD-CATS.html]
[wireless-experts.com/HDMIoverCATS.html]
[wireless-experts.com/CATS-HDMI-MX4.html]
[wireless-experts.com/CATS-HDMI-MX8.html]
[wireless-experts.com/PHD-4218.html]
[wireless-experts.com/SDoverCATS.html]
[wireless-experts.com/VGAoverCATS.html]
[wireless-experts.com/CATS-VGA-12B.html]
[wireless-experts.com/images/png/Security Cameras & Devices/cameras_thumbnail.png]
[wireless-experts.com/SecurityCameras&Devices.html]
[wireless-experts.com/Domecam.html]
[wireless-experts.com/hazcam.html]
[wireless-experts.com/IWC.html]
[wireless-experts.com/images/png/healthcare, hospitality, industrial/thumbnail.png]
[wireless-experts.com/HealthCare-Hospitality-Industrial-Devices.html]
[wireless-experts.com/PH LCD Media Player TVs.html]
[wireless-experts.com/PH LCD TVs.html]
[wireless-experts.com/Monitors.html]
[wireless-experts.com/PDS42.html]
[wireless-experts.com/PIM-20B.html]
[wireless-experts.com/Players.html]
[wireless-experts.com/PDP-1.html]
[wireless-experts.com/PHD-1.html]
[wireless-experts.com/PHNODE.html]
[wireless-experts.com/HC-24.html]
[wireless-experts.com/images/png/Accessories & Miscellaneous/thumbnail.png]
[wireless-experts.com/Acessories&Miscellaneous.html]
[wireless-experts.com/Miscellaneous.html]
[wireless-experts.com/PAT-15.html]
[wireless-experts.com/mountingAccessories.html]
[wireless-experts.com/PHA-MB-KIT.html]
[wireless-experts.com/PHA-TBAR-KIT.html]
[wireless-experts.com/PHA-RIMTKT.html]
[wireless-experts.com/PHA-UTM-KIT39.html]
[wireless-experts.com/PHA-UTM-KIT42.html]
[wireless-experts.com/sitemap.html]
[wireless-experts.com/Speakers.html]
[wireless-experts.com/images/png/PTS-4077f/Applications_1.png]
[wireless-experts.com/images/png/PTS-4077f/top_view_1.png]
[wireless-experts.com/images/png/PTS-4077f/Applications_2.png]
[wireless-experts.com/images/png/PTS-4077f/Features_1.png]
[wireless-experts.com/images/png/PTS-4077f/Features_2.png]
[wireless-experts.com/images/png/PTS-4077f/Features_3.png]
[wireless-experts.com/images/png/PTS-4077f/Resources_1.png]
[wireless-experts.com/images/png/PTS-4077f/Options_1.png]
[wireless-experts.com/images/pdf/PTS-4077F.pdf]
[wireless-experts.com/images/pdf/right-directional-speaker.pdf]
[wireless-experts.com/PTS4077F.html]
[wireless-experts.com/images/png/PIM-21B-Front-cleaned.png]
[wireless-experts.com/images/pdf/PIM-21B.pdf]
[wireless-experts.com/images/pdf/PIM-21B Manual.pdf]
[wireless-experts.com/PIM-21B.html]
[wireless-experts.com/In-Wall.html]
[wireless-experts.com/In-Ceiling.html]
[wireless-experts.com/images/pdf/PHCbrochure.pdf]
[wireless-experts.com/images/pdf/PHTV15MP.pdf]
[wireless-experts.com/images/pdf/PHTV19MP.pdf]
[wireless-experts.com/images/pdf/PHTV22MP.pdf]
[wireless-experts.com/images/pdf/PHTV26MP.pdf]
[wireless-experts.com/images/pdf/PHTV32.pdf]
[wireless-experts.com/images/pdf/PHTV19.pdf]
[wireless-experts.com/images/pdf/PHTV22.pdf]
[wireless-experts.com/images/pdf/PHTV26.pdf]
[wireless-experts.com/images/pdf/PHTV39.pdf]
[wireless-experts.com/images/pdf/PHTV40.pdf]
[wireless-experts.com/images/pdf/PHTV42.pdf]
[wireless-experts.com/images/pdf/PHTV50.pdf]
[wireless-experts.com/images/pdf/PHTV52.pdf]
[wireless-experts.com/images/pdf/PHTV55.pdf]
[wireless-experts.com/images/pdf/PHTV60.pdf]
[wireless-experts.com/phLCDTv&MP.html]
[use.edgefonts.net/source-sans-pro_n2,i2,n3,i3,n4,i4,n6,i6,n7,i7,n9,i9_default;source-serif-pro_n4_default.js]
[wireless-experts.com/images/png/government/audio.png]
[wireless-experts.com/filler.html]
[wireless-experts.com/images/png/government/video.png]
[wireless-experts.com/pmod.html]
[wireless-experts.com/government.html]
[wireless-experts.com/images/png/Education/audio.png]
[wireless-experts.com/images/png/Education/video.png]
[wireless-experts.com/education.html]
[wireless-experts.com/images/png/corporate/audio.png]
[wireless-experts.com/images/png/corporate/video.png]
[wireless-experts.com/corporate.html]
[wireless-experts.com/images/png/residential/audio.png]
[wireless-experts.com/images/png/residential/video.png]
[wireless-experts.com/residential.html]
[wireless-experts.com/images/png/hospitality/audio.png]
[wireless-experts.com/images/png/hospitality/video.png]
[wireless-experts.com/hospitality.html]
[wireless-experts.com/images/png/houses-of-worship/audio.png]
[wireless-experts.com/images/png/houses-of-worship/video.png]
[wireless-experts.com/how.html]
[wireless-experts.com/images/png/cultural-events/audio.png]
[wireless-experts.com/images/png/cultural-events/video.png]
[wireless-experts.com/culturalandevents.html]
[wireless-experts.com/images/png/healthcare/audio.png]
[wireless-experts.com/images/png/healthcare/video.png]
[wireless-experts.com/healthcare.html]
[wireless-experts.com/reseller.html]
[wireless-experts.com/quote.html]
[wireless-experts.com/images/png/nasaLogo.png]
[wireless-experts.com/aboutus.html]
[wireless-experts.com/dealers.html]
[connect.facebook.net/en_US/sdk.js]
[cdnjs.cloudflare.com/ajax/libs/font-awesome/4.6.3/css/font-awesome.min.css]
[wireless-experts.com/TrueMusic-pr.html]
[wireless-experts.com/CATS-HDMI-MX4-pr.html]
[wireless-experts.com/CATS-VGA-pr.html]
[wireless-experts.com/SAA-pr.html]
[wireless-experts.com/LCD-pr.html]
[wireless-experts.com/MBA-pr.html]
[wireless-experts.com/SIWA-pr.html]
[wireless-experts.com/muse-pr.html]
[wireless-experts.com/mca1248-pr.html]
[wireless-experts.com/control9-pr.html]
[wireless-experts.com/PHA-pr.html]
[wireless-experts.com/hazcam-pr.html]
[wireless-experts.com/iwc-pr.html]
[wireless-experts.com/CATS-SD-pr.html]
[wireless-experts.com/SAA-pr2.html]
[wireless-experts.com/Press-releases.html]
[wireless-experts.com/images/jpg/pragmaticServerLogo.png]
[wireless-experts.com/support.html]
[wireless-experts.com/images/pdf/MBA120 datasheet standardized.pdf]
[wireless-experts.com/images/pdf/MBA124 datasheet standardized.pdf]
[wireless-experts.com/images/pdf/MBA136 datasheet standardized.pdf]
[wireless-experts.com/images/pdf/MBA148 datasheet standardized.pdf]
[wireless-experts.com/images/pdf/mca1248-ds.pdf]
[wireless-experts.com/images/pdf/preamp9 datasheet standardized.pdf]
[wireless-experts.com/images/pdf/SAA-212.pdf]
[wireless-experts.com/images/pdf/SAAmanual.pdf]
[wireless-experts.com/images/pdf/SAA-224.pdf]
[wireless-experts.com/images/pdf/saa236-ds.pdf]
[wireless-experts.com/images/pdf/saa248-ds.pdf]
[wireless-experts.com/images/pdf/siwa224-ds.pdf]
[wireless-experts.com/images/pdf/siwa236-ds.pdf]
[wireless-experts.com/images/pdf/siwa248-ds.pdf]
[wireless-experts.com/images/pdf/domecam.pdf]
[wireless-experts.com/images/pdf/hazcam-ds.pdf]
[wireless-experts.com/images/pdf/iwc-ds.pdf]
[wireless-experts.com/images/pdf/cats-manual.pdf]
[wireless-experts.com/images/pdf/catssd-brochure.pdf]
[wireless-experts.com/images/pdf/catsHdmimx4.pdf]
[wireless-experts.com/images/pdf/catshdmiMX4manual.pdf]
[wireless-experts.com/images/pdf/CATS-HDMI-MX8.pdf]
[wireless-experts.com/images/pdf/catshdmiMX8manual.pdf]
[wireless-experts.com/images/pdf/CATS-VGA-12B.pdf]
[wireless-experts.com/images/pdf/catsVGAmanual.pdf]
[wireless-experts.com/images/pdf/CC-TPA-USB-35.pdf]
[wireless-experts.com/images/pdf/CC-TPA-USB-35VC.pdf]
[wireless-experts.com/images/pdf/DAVES4.4.pdf]
[wireless-experts.com/images/pdf/DAVES4.6.pdf]
[wireless-experts.com/images/pdf/davesusermanual.pdf]
[wireless-experts.com/images/pdf/DMS2.1.pdf]
[wireless-experts.com/images/pdf/dms21app.pdf]
[wireless-experts.com/images/pdf/DMS4.4.pdf]
[wireless-experts.com/images/pdf/dms44manual.pdf]
[wireless-experts.com/images/pdf/HC-24.pdf]
[wireless-experts.com/images/pdf/LSAD1.pdf]
[wireless-experts.com/images/pdf/LSAD1-um.pdf]
[wireless-experts.com/images/pdf/MBA-120-PS.pdf]
[wireless-experts.com/images/pdf/MuSe.pdf]
[wireless-experts.com/images/pdf/museManual.pdf]
[wireless-experts.com/images/pdf/PAC-CIS1.pdf]
[wireless-experts.com/images/pdf/pasport-ds.pdf]
[wireless-experts.com/images/pdf/PHA Speakers for PA Systems.pdf]
[wireless-experts.com/images/pdf/PAT-15.pdf]
[wireless-experts.com/images/pdf/PAS-8-S8M4.pdf]
[wireless-experts.com/images/pdf/PAS-5125-S8M4.pdf]
[wireless-experts.com/images/pdf/PHA-5125 theater applications.pdf]
[wireless-experts.com/images/pdf/PDP-1.pdf]
[wireless-experts.com/images/pdf/PDS42.pdf]
[wireless-experts.com/images/pdf/PH4.pdf]
[wireless-experts.com/images/pdf/PH16.pdf]
[wireless-experts.com/images/pdf/PHA Brochure.pdf]
[wireless-experts.com/images/pdf/PHA-4.pdf]
[wireless-experts.com/images/pdf/PHA Installation.pdf]
[wireless-experts.com/images/pdf/PHA-8.pdf]
[wireless-experts.com/images/pdf/PHA-16.pdf]
[wireless-experts.com/images/pdf/PHA-25.pdf]
[wireless-experts.com/images/pdf/Applications Brief PHA-25 in HealthCare.pdf]
[wireless-experts.com/images/pdf/PHA-48.pdf]
[wireless-experts.com/images/pdf/PHA-184.pdf]
[wireless-experts.com/images/pdf/PHA-264.pdf]
[wireless-experts.com/images/pdf/PHA-5125.pdf]
[wireless-experts.com/images/pdf/PHA-MB-KIT.pdf]
[wireless-experts.com/images/pdf/PHA-MNT-KIT39.pdf]
[wireless-experts.com/images/pdf/PHA-MNT-KIT42.pdf]
[wireless-experts.com/images/pdf/PHA-RIMTKT.pdf]
[wireless-experts.com/images/pdf/PHA-TBAR-KIT.pdf]
[wireless-experts.com/images/pdf/PHC-24.pdf]
[wireless-experts.com/images/pdf/PHD-1.pdf]
[wireless-experts.com/images/pdf/HDMI4218DA.pdf]
[wireless-experts.com/images/pdf/PHNODE.pdf]
[wireless-experts.com/images/pdf/PHTV32MP.pdf]
[wireless-experts.com/images/pdf/PIM-20B.pdf]
[wireless-experts.com/images/pdf/PNP-1.pdf]
[wireless-experts.com/images/pdf/PMA-4.pdf]
[wireless-experts.com/images/pdf/PADS-PoE.pdf]
[wireless-experts.com/images/pdf/PTS-1.pdf]
[wireless-experts.com/images/pdf/PTS-234WD.pdf]
[wireless-experts.com/images/pdf/PTS-SMBGM1.pdf]
[wireless-experts.com/images/pdf/tpa.132.delayed]
[wireless-experts.com/images/pdf/TUNR-D.pdf]
[wireless-experts.com/Manuals, diagrams, DS.html]
[wireless-experts.com/joinemail.html]
[wireless-experts.com/images/pdf/TUNRF-1.pdf]
[wireless-experts.com/images/png/TUNR-D/tunr-d_thumbnail.png]
[wireless-experts.com/images/png/TUNR-1/tunr1_thumbnail.png]
[wireless-experts.com/images/png/Muse/muse_thumbnail.png]
[wireless-experts.com/sourceComponents.html]
[wireless-experts.com/images/png/Muse/MuSe-FandB.png]
[wireless-experts.com/images/png/Muse/Muse_features.png]
[wireless-experts.com/muse.html]
[wireless-experts.com/images/png/Muse/muse_resources.png]
[wireless-experts.com/tuners.html]
[wireless-experts.com/images/png/TUNR-1/tunr1-fandb.png]
[wireless-experts.com/images/png/TUNR-1/tunr1-f.png]
[wireless-experts.com/images/pdf/tunermanual2.pdf]
[wireless-experts.com/images/pdf/tunr1-app.pdf]
[wireless-experts.com/images/DSCF1861.png]
[wireless-experts.com/images/DSCF1859_back.png]
[wireless-experts.com/tunr1.html]
[wireless-experts.com/images/png/TUNR-D/tunr-d-front.png]
[wireless-experts.com/images/png/TUNR-D/front_and_back.png]
[wireless-experts.com/images/png/TUNR-D/resources.png]
[wireless-experts.com/digitaltuner.html]
[wireless-experts.com/TUNR-D.pdf]
[wireless-experts.com/images/png/PHA/PHA-4/thumbnail.png]
[wireless-experts.com/images/png/PHA/PHA-8/PHA-8_thumbnail.png]
[wireless-experts.com/images/png/PHA/PHA-16/pha-16_thumbnail.png]
[wireless-experts.com/images/png/PTS-4077f/PTS4077F_thumbnail.png]
[wireless-experts.com/directionalSpeakers.html]
[wireless-experts.com/images/png/PHA/PHA-25/PHA-25_thumbnail.png]
[wireless-experts.com/pha-48.html]
[wireless-experts.com/images/png/PHA/PHA-48/PHA-48_thumbnail.png]
[wireless-experts.com/images/png/PHA/PHA-184/PHA-184_thumbnail.png]
[wireless-experts.com/images/png/PHA/PHA-264/pha-264_thumbnail.png]
[wireless-experts.com/images/png/PHA-MB-KIT/pha-mb-kit_thumbnail.png]
[wireless-experts.com/images/png/PHA-RIMTKT/PHA-RIMTKT_thumbnail.png]
[wireless-experts.com/images/png/PHA-TBAR-KIT/PHA-TBAR-KIT_thumbnail.png]
[wireless-experts.com/Linearrays.html]
[wireless-experts.com/images/png/PHA-UTM-KIT42/thumbnail.png]
[wireless-experts.com/images/png/PHA/PHA-4/description.png]
[wireless-experts.com/images/png/PHA/PHA-4/diectivity.png]
[wireless-experts.com/images/png/PHA/PHA-4/resources.png]
[wireless-experts.com/images/png/PHA/PHA-4/white_front.png]
[wireless-experts.com/images/png/PHA/PHA-4/white_top.png]
[wireless-experts.com/images/png/PHA/PHA-4/white_rear.png]
[wireless-experts.com/HideAwayAmplifiers.html]
[wireless-experts.com/pha-4.html]
[wireless-experts.com/images/pdf/PHABrochure.pdf]
[wireless-experts.com/images/png/PHA/PHA-8/description.png]
[wireless-experts.com/images/png/PHA/PHA-8/vertical_directivity.png]
[wireless-experts.com/pha-8.html]
[wireless-experts.com/images/png/PHA/PHA-8/horizontal_directivity.png]
[wireless-experts.com/images/png/PHA/PHA-16/description.png]
[wireless-experts.com/images/png/PHA/PHA-16/vertical.png]
[wireless-experts.com/images/png/PHA/PHA-16/horizontal.png]
[wireless-experts.com/images/png/PHA/PHA-16/PHA16-White.png]
[wireless-experts.com/images/png/PHA/PHA-16/PHA16-Silver.png]
[wireless-experts.com/pha-16.html]
[wireless-experts.com/images/png/PHA/PHA-25/PHA25-rotated.png]
[wireless-experts.com/images/png/PHA/PHA-25/vertical.png]
[wireless-experts.com/images/png/PHA/PHA-25/horizontal.png]
[wireless-experts.com/pha-25.html]
[wireless-experts.com/images/png/PHA/PHA-25/options.png]
[wireless-experts.com/images/png/PHA/PHA-184/PHA-184.png]
[wireless-experts.com/images/png/PHA/PHA-184/Frequency Response plot for PHA-184.jpg]
[wireless-experts.com/images/png/PHA/PHA-184/Polar Response PHA-184.jpg]
[wireless-experts.com/pha-184.html]
[wireless-experts.com/images/png/PHA/PHA-264/description.png]
[wireless-experts.com/images/png/PHA/PHA-264/Frequency Response plot for PHA-264.jpg]
[wireless-experts.com/images/png/PHA/PHA-264/Polar Response PHA-264.jpg]
[wireless-experts.com/pha-264.html]
[wireless-experts.com/images/png/PHA/PHA-5125/PHA-5125 frequency response 6m at angles.jpg]
[wireless-experts.com/pha-5125.html]
[wireless-experts.com/images/png/PHA/PHA-5125/PHA-5125 Polar response at 6 meters directivity.jpg]
[wireless-experts.com/images/png/PTS-234WD/PTS-234WD_thumbnail.png]
[wireless-experts.com/broadDispersion.html]
[wireless-experts.com/images/png/PTS-234WD/DESCRIPTION.png]
[wireless-experts.com/images/png/PTS-234WD/application.png]
[wireless-experts.com/images/products-jpg/PTS-234WD frequency response 2m at angles.jpg]
[wireless-experts.com/PTS-234WD.html]
[wireless-experts.com/images/jpg/PTS-234WD Polar response at 2 meters wide dispersion.jpg]
[wireless-experts.com/images/png/PTS-SMBG1/block-diagram_correct.png]
[wireless-experts.com/PTS-SMBGM1.html]
[wireless-experts.com/images/png/PTS-SMBG1/typical-application.png]
[wireless-experts.com/images/png/PTS-1/PTS-1_thumbnail.png]
[wireless-experts.com/activeSpeakers.html]
[wireless-experts.com/images/png/PTS-1/PTS1_a.png]
[wireless-experts.com/images/png/PTS-1/application.png]
[wireless-experts.com/images/png/PTS-1/features_2.png]
[wireless-experts.com/images/png/PTS-1/features_1.png]
[wireless-experts.com/PTS-1.html]
[wireless-experts.com/images/png/PTS-1/PTS1-droptile.png]
[wireless-experts.com/images/png/PTS-SMBG1/PTS-SMBGM1_thumbnail.png]
[wireless-experts.com/SoundMasking.html]
[wireless-experts.com/AudioSystems.html]
[wireless-experts.com/images/png/DMS2.1/DMS2.1_thumbnail.png]
[wireless-experts.com/images/png/DMS4.4/DMS4.4_thumbnail.png]
[wireless-experts.com/DistributedMusicSystems.html]
[wireless-experts.com/images/png/dms21mainunit.png]
[wireless-experts.com/DMS-2.1.html]
[wireless-experts.com/images/png/DMS2.1/DMS2.1-ad.png]
[wireless-experts.com/images/png/dms44mainunit.png]
[wireless-experts.com/images/png/DMS4.4/ad.png]
[wireless-experts.com/DMS-4.4.html]
[wireless-experts.com/images/pdf/dms44_app.pdf]
[wireless-experts.com/images/png/PAC-CIS1/front.png]
[wireless-experts.com/images/png/PAC-CIS1/back.png]
[wireless-experts.com/PAC-CIS1.html]
[wireless-experts.com/images/png/PAC-CIS1/application.png]
[wireless-experts.com/images/png/PAS-5125-S8M4/thumbnail.png]
[wireless-experts.com/images/png/pas-8-s8m4/thumbnail.png]
[wireless-experts.com/PAsystems.html]
[wireless-experts.com/images/png/pasport/pasport_thumbnail.png]
[wireless-experts.com/images/png/PAS-5125-S8M4/PAS5125sub8.png]
[wireless-experts.com/images/png/PAS-5125-S8M4/PAS5125sub8_side.png]
[wireless-experts.com/images/png/PAS-5125-S8M4/PAS5125sub8_rear.png]
[wireless-experts.com/images/png/PAS-5125-S8M4/resources.png]
[wireless-experts.com/PAS-5125.html]
[wireless-experts.com/images/png/pas-8-s8m4/pas8-s8.jpg]
[wireless-experts.com/images/png/pas-8-s8m4/pas8-bagH.png]
[wireless-experts.com/pas-8.html]
[wireless-experts.com/images/png/pas-8-s8m4/resources.png]
[wireless-experts.com/images/png/pasport/pasport.png]
[wireless-experts.com/images/png/pasport/features.png]
[wireless-experts.com/pasport.html]
[wireless-experts.com/images/png/pasport/pasport_applications.png]
[wireless-experts.com/images/png/PAD USB/PADSUSB_thumbnail.png]
[wireless-experts.com/images/png/PPoE-12/PPoE_thumbnail.png]
[wireless-experts.com/images/png/specializedOrder_thumbnail.png]
[wireless-experts.com/images/png/PH4/PH4_thumbnail.png]
[wireless-experts.com/images/png/PH16/PH16_thumbnail.png]
[wireless-experts.com/images/png/LSAD-1/LSAD-1_thumbnail.png]
[wireless-experts.com/PragmaticAudioDistribution.html]
[wireless-experts.com/images/png/PAD USB/rear.png]
[wireless-experts.com/images/png/PAD USB/resources.png]
[wireless-experts.com/PADS_USB.html]
[wireless-experts.com/images/pdf/PADSUSBHUB.pdf]
[wireless-experts.com/images/png/PPoE-12/POE-SP-30W-1.png]
[wireless-experts.com/images/png/PPoE-12/POE-SP-30W-2.png]
[wireless-experts.com/images/png/PPoE-12/POE-SP-30W-3.png]
[wireless-experts.com/PPoE.html]
[wireless-experts.com/images/png/PPoE-12/applications.png]
[wireless-experts.com/images/png/PH4/PH4.png]
[wireless-experts.com/PH4.html]
[wireless-experts.com/images/png/PH4/ad.png]
[wireless-experts.com/images/png/PH16/PH16.png]
[wireless-experts.com/PH16.html]
[wireless-experts.com/images/png/LSAD1group.png]
[wireless-experts.com/images/png/LSAD-1/Basic-Operation.png]
[wireless-experts.com/images/png/LSAD-1/PADS-Integration.png]
[wireless-experts.com/LSAD-1.html]
[wireless-experts.com/images/pdf/LSAD-ad.pdf]
[wireless-experts.com/images/png/CC-TPA-USB-35VC/CC-TPA-USB-35VC_thumbnail.png]
[wireless-experts.com/TwistedPairAudioSystem.html]
[wireless-experts.com/images/png/TPA/TPA_thumbnail.png]
[wireless-experts.com/images/png/TPA/TPA.png]
[wireless-experts.com/images/png/TPA/typical-application.png]
[wireless-experts.com/images/png/TPA/point-to-point-application.png]
[wireless-experts.com/images/pdf/TPA.pdf]
[wireless-experts.com/TPA.html]
[wireless-experts.com/images/png/CC-TPA-USB-35VC/description.png]
[wireless-experts.com/images/png/CC-TPA-USB-35VC/TPA-USB-Rx.jpg]
[wireless-experts.com/CC-TPA-USB-35VC.html]
[wireless-experts.com/images/png/CC-TPA-USB-35VC/application.png]
[wireless-experts.com/images/png/DAVES_thumbnail.png]
[wireless-experts.com/DistributedAVEntertainmentSystems.html]
[wireless-experts.com/images/png/daves2.png]
[wireless-experts.com/DAVES-4.4.html]
[wireless-experts.com/DAVES-4.6.html]
[wireless-experts.com/Amplifiers.html]
[wireless-experts.com/images/jpg/DAVES-IWA-KP.jpg]
[wireless-experts.com/images/png/SAA-212/SAA-212_thumbnail.png]
[wireless-experts.com/images/png/SAA-224/SAA-224_thumbnail.png]
[wireless-experts.com/images/png/SAA-236/SAA-236_thumbnail.png]
[wireless-experts.com/StereoHideAwayAmplifiers.html]
[wireless-experts.com/images/png/SAA-248/SAA-248_thumbnail.png]
[wireless-experts.com/images/png/SAA-212/front.png]
[wireless-experts.com/SAA-212.html]
[wireless-experts.com/images/png/SAA-212/rear.png]
[wireless-experts.com/images/png/saa224.png]
[wireless-experts.com/SAA-224.html]
[wireless-experts.com/SAA-236.html]
[wireless-experts.com/SAA-248.html]
[wireless-experts.com/images/pdf/audioxpress june 09 pragmatic class d.pdf]
[wireless-experts.com/images/png/MBA-120_thumbnail.png]
[wireless-experts.com/images/png/MBA-120-PS/MBA-120-PS_thumbnail.png]
[wireless-experts.com/images/png/MBA-124/MBA-124_thumbnail.png]
[wireless-experts.com/images/png/MBA-136/MBA-136_thumbnail.png]
[wireless-experts.com/MonoBlockHideAwayAmplifiers.html]
[wireless-experts.com/images/png/MBA-148/MBA-148_thumbnail.png]
[wireless-experts.com/images/png/MBA-120.png]
[wireless-experts.com/MBA-120.html]
[wireless-experts.com/images/png/MBA-120-PS/MBA-120-PS.png]
[wireless-experts.com/images/png/MBA-120-PS/MBA-120-PS_angled_view.png]
[wireless-experts.com/MBA-120-PS.html]
[wireless-experts.com/images/png/MBA-120-PS/MBA-120-PS_Details.png]
[wireless-experts.com/images/png/MBA-124/MBA124-LC-ABS.png]
[wireless-experts.com/MBA-124.html]
[wireless-experts.com/images/png/MBA-136/MBA-136.png]
[wireless-experts.com/MBA-136.html]
[wireless-experts.com/images/products-jpg/MBA148-XLR-vc copy.jpg]
[wireless-experts.com/images/png/MBA-148/MBA-148-headphone-VC-copy.png]
[wireless-experts.com/images/png/MBA-148/MBA-148-headphone-VC-rear-c.png]
[wireless-experts.com/MBA-148.html]
[wireless-experts.com/images/png/SIWA-224/SIWA-224_thumbnail.png]
[wireless-experts.com/images/png/SIWA-236/SIWA-236_thumbnail.png]
[wireless-experts.com/images/png/SIWA-248/SIWA-248_thumbnail.png]
[wireless-experts.com/InWallAmplifiers.html]
[wireless-experts.com/images/png/SIWA-224.png]
[wireless-experts.com/SIWA-224.html]
[wireless-experts.com/images/png/SIWA-236.png]
[wireless-experts.com/SIWA-236.html]
[wireless-experts.com/SIWA-248.html]
[wireless-experts.com/images/png/MCA-1248/MCA-1248_thumbnail.png]
[wireless-experts.com/MultiChannelAmplifiers.html]
[wireless-experts.com/images/png/MCA1248-front.png]
[wireless-experts.com/images/png/MCA1248-back.png]
[wireless-experts.com/MCA-1248.html]
[wireless-experts.com/images/png/PreAmp-9/PreAmp-9_thumbnail.png]
[wireless-experts.com/PreAmplifiers.html]
[wireless-experts.com/images/png/preamp9.png]
[wireless-experts.com/preamp9.html]
[wireless-experts.com/HDMI-VGA-SD-CATS.html]
[wireless-experts.com/images/png/CATS-HDMI-MX4/CATS-HDMI-MX4_thumbnail.png]
[wireless-experts.com/images/png/CATS-HDMI-MX8/CATS-HDMI-MX8_thumbnail.png]
[wireless-experts.com/images/png/PHD-4218/PHD-4218_thumbnail.png]
[wireless-experts.com/HDMIoverCATS.html]
[wireless-experts.com/images/png/CATS-HDMI-MX4/mx4Group.png]
[wireless-experts.com/images/png/CATS-HDMI-MX4/remote.png]
[wireless-experts.com/images/png/CATS-HDMI-MX4/applicationDiagram.png]
[wireless-experts.com/CATS-HDMI-MX4.html]
[wireless-experts.com/images/png/CATS-HDMI-MX8/mx8Group.png]
[wireless-experts.com/images/png/CATS-HDMI-MX8/features-diagram.png]
[wireless-experts.com/images/png/CATS-HDMI-MX8/mx8-apd.png]
[wireless-experts.com/CATS-HDMI-MX8.html]
[wireless-experts.com/images/png/PHD-4218/PHD-4218-group.png]
[wireless-experts.com/images/png/PHD-4218/Cable-Management-Tray.png]
[wireless-experts.com/PHD-4218.html]
[wireless-experts.com/SDoverCATS.html]
[wireless-experts.com/images/png/CATS-VGA-12B/CATS-VGA-12B_thumbnail.png]
[wireless-experts.com/VGAoverCATS.html]
[wireless-experts.com/images/png/CATS-VGA-12B/catsVGAfamily.png]
[wireless-experts.com/images/png/CATS-VGA-12B/features-diagram.png]
[wireless-experts.com/CATS-VGA-12B.html]
[wireless-experts.com/images/png/CATS-VGA-12B/resources-diagram.png]
[wireless-experts.com/images/png/Domecam/Domecam_thumbnail.png]
[wireless-experts.com/images/png/hazcam/hazcam_thumbnail.png]
[wireless-experts.com/images/png/IWC/IWC_thumbnail.png]
[wireless-experts.com/SecurityCameras&Devices.html]
[wireless-experts.com/images/png/Domecam/Domecam.png]
[wireless-experts.com/Domecam.html]
[wireless-experts.com/images/png/hazcam/hazcam.png]
[wireless-experts.com/images/pdf/hazcammanual.pdf]
[wireless-experts.com/hazcam.html]
[wireless-experts.com/images/png/IWC/IWC.png]
[wireless-experts.com/IWC.html]
[wireless-experts.com/HealthCare-Hospitality-Industrial-Devices.html]
[wireless-experts.com/PH LCD Media Player TVs.html]
[wireless-experts.com/PH LCD TVs.html]
[wireless-experts.com/images/png/PDS42/PDS42_thumbnail.png]
[wireless-experts.com/images/png/PIM-20B/PIM-20B_thumbnail.png]
[wireless-experts.com/images/png/PIM-21B/PIM-21B_thumbnail.png]
[wireless-experts.com/Monitors.html]
[wireless-experts.com/images/png/PDS42/PDS42.png]
[wireless-experts.com/images/png/PDS42/features.png]
[wireless-experts.com/images/png/PDS42/resources.png]
[wireless-experts.com/PDS42.html]
[wireless-experts.com/images/png/PIM-20Bfront_1.png]
[wireless-experts.com/PIM-20B.html]
[wireless-experts.com/images/png/PIM-20B/PIM-20Bback_1.png]
[wireless-experts.com/images/png/PDP-1/PDP-1_thumbnail.png]
[wireless-experts.com/images/png/PHD-1/PHD-1_thumbnail.png]
[wireless-experts.com/Players.html]
[wireless-experts.com/images/png/PHN/PHN-1_thumbnail.png]
[wireless-experts.com/images/png/PDP-1.png]
[wireless-experts.com/PDP-1.html]
[wireless-experts.com/images/png/PHD-1/front-and-back.png]
[wireless-experts.com/images/png/PHD-1/features.png]
[wireless-experts.com/PHD-1.html]
[wireless-experts.com/images/png/PHD-1/resources.png]
[wireless-experts.com/images/png/PHN/PHN.png]
[wireless-experts.com/PHNODE.html]
[wireless-experts.com/images/png/HC-24/HC-24.png]
[wireless-experts.com/HC-24.html]
[wireless-experts.com/Acessories&Miscellaneous.html]
[wireless-experts.com/images/png/PAT-15/PAT-15_thumbnail.png]
[wireless-experts.com/Miscellaneous.html]
[wireless-experts.com/images/png/PAT-15/description.png]
[wireless-experts.com/PAT-15.html]
[wireless-experts.com/mountingAccessories.html]
[wireless-experts.com/images/png/PAT-15/features.png]
[wireless-experts.com/images/png/PHA-MB-KIT/description.png]
[wireless-experts.com/images/png/PHA-MB-KIT/horizontal.png]
[wireless-experts.com/images/png/PHA-MB-KIT/vertical.png]
[wireless-experts.com/images/png/PHA-MB-KIT/ad.png]
[wireless-experts.com/PHA-MB-KIT.html]
[wireless-experts.com/images/png/PHA-TBAR-KIT/description.png]
[wireless-experts.com/images/png/PHA-TBAR-KIT/ad.png]
[wireless-experts.com/PHA-TBAR-KIT.html]
[wireless-experts.com/images/png/PHA-TBAR-KIT/examples.png]
[wireless-experts.com/images/png/PHA-RIMTKT/i-beam-bracket-assembly.png]
[wireless-experts.com/images/png/PHA-RIMTKT/i-beam-mount3.png]
[wireless-experts.com/images/png/PHA-RIMTKT/i-beam-mount8-1.png]
[wireless-experts.com/images/png/PHA-RIMTKT/resources.png]
[wireless-experts.com/PHA-RIMTKT.html]
[wireless-experts.com/images/png/PHA-UTM-KIT42/description.png]
[wireless-experts.com/images/png/PHA-UTM-KIT42/features.png]
[wireless-experts.com/images/png/PHA-UTM-KIT42/resources.png]
[wireless-experts.com/PHA-UTM-KIT39.html]
[wireless-experts.com/PHA-UTM-KIT42.html]
[wireless-experts.com/Speakers.html]
[wireless-experts.com/In-Wall.html]
[wireless-experts.com/In-Ceiling.html]
[wireless-experts.com/filler.html]
[wireless-experts.com/images/products-jpg/pmodSens.jpg]
[wireless-experts.com/images/pdf/pmod-ad.pdf]
[wireless-experts.com/pmod.html]
[cdnjs.cloudflare.com/ajax/libs/font-awesome/4.7.0/css/font-awesome.min.css]
[wireless-experts.com/images/pdf/truemusic-press.pdf]
[wireless-experts.com/TrueMusic-pr.html]
[wireless-experts.com/images/png/truemusic-pr.png]
[wireless-experts.com/CATS-HDMI-MX4-pr.html]
[wireless-experts.com/images/pdf/catshdmiMX4-press.pdf]
[wireless-experts.com/images/pdf/catsVGApress.pdf]
[wireless-experts.com/CATS-VGA-pr.html]
[wireless-experts.com/SAA-pr.html]
[wireless-experts.com/images/pdf/SAA-PressRelease.pdf]
[wireless-experts.com/images/pdf/LCD-pr.pdf]
[wireless-experts.com/LCD-pr.html]
[wireless-experts.com/images/pdf/mba-press.pdf]
[wireless-experts.com/images/png/MBA-136-pr.png]
[wireless-experts.com/MBA-pr.html]
[wireless-experts.com/images/pdf/siwaPress.pdf]
[wireless-experts.com/SIWA-pr.html]
[wireless-experts.com/images/pdf/musePress.pdf]
[wireless-experts.com/muse-pr.html]
[wireless-experts.com/images/png/Muse/muse-pr.png]
[wireless-experts.com/images/pdf/mca1248press.pdf]
[wireless-experts.com/mca1248-pr.html]
[wireless-experts.com/images/png/MCA-1248/front-and-back.png]
[wireless-experts.com/images/pdf/control9-press.pdf]
[wireless-experts.com/control9-pr.html]
[wireless-experts.com/images/png/control9-pr.png]
[wireless-experts.com/images/pdf/PHA press releasemodified.pdf]
[wireless-experts.com/PHA-pr.html]
[wireless-experts.com/images/png/PHA/PHA-pr/PHA-pr.png]
[wireless-experts.com/images/pdf/hazcam-pr.pdf]
[wireless-experts.com/images/png/hazcam/hazcam-pr.png]
[wireless-experts.com/images/png/hazcam/hazcam-pr_ad.png]
[wireless-experts.com/images/png/hazcam/hazcam-pr_ad2.png]
[wireless-experts.com/hazcam-pr.html]
[wireless-experts.com/images/pdf/iwc-pr.pdf]
[wireless-experts.com/iwc-pr.html]
[wireless-experts.com/images/pdf/catssd-press.pdf]
[wireless-experts.com/CATS-SD-pr.html]
[wireless-experts.com/images/pdf/SAApress.pdf]
[wireless-experts.com/SAA-pr2.html]
[wireless-experts.com/images/pdf/tpa.html]
[wireless-experts.com/images/png/PHA/PHA-48/pha-48.png]
[wireless-experts.com/images/png/PHA/PHA-48/PHA-48_vertical.png]
[wireless-experts.com/images/png/PHA/PHA-48/PHA-48_horizontal.png]
[wireless-experts.com/pha-48.html]
[wireless-experts.com/images/png/PHA/PHA-48/options.png]
[wireless-experts.com/HideAwayAmplifiers.html]
[wireless-experts.com/fonts/glyphicons-halflings-regular.eot]
[wireless-experts.com/fonts/glyphicons-halflings-regulard41d.eot]
[wireless-experts.com/fonts/glyphicons-halflings-regular.woff2]
[wireless-experts.com/fonts/glyphicons-halflings-regular.woff]
[wireless-experts.com/fonts/glyphicons-halflings-regular.ttf]
[wireless-experts.com/css/bootstrap-3.3.7.css]
[wireless-experts.com/images/png/Sitemap/sitemap-title.png]
[wireless-experts.com/css/main.css]
[wireless-experts.com/SpryAssets/SpryTabbedPanels.css]
[wireless-experts.com/jQueryAssets/jquery.ui.core.min.css]
[use.edgefonts.net/source-sans-pro_n2,i2,n3,i3,n4,i4,n6,i6,n7,i7,n9,i9_default;source-serif-pro_n4_default.js]
[wireless-experts.com/jQueryAssets/images/ui-bg_highlight-soft_100_eeeeee_1x100.png]
[wireless-experts.com/jQueryAssets/images/ui-bg_gloss-wave_35_f6a828_500x100.png]
[wireless-experts.com/jQueryAssets/images/ui-bg_glass_100_f6f6f6_1x400.png]
[wireless-experts.com/jQueryAssets/images/ui-bg_glass_100_fdf5ce_1x400.png]
[wireless-experts.com/jQueryAssets/images/ui-bg_glass_65_ffffff_1x400.png]
[wireless-experts.com/jQueryAssets/images/ui-bg_highlight-soft_75_ffe45c_1x100.png]
[wireless-experts.com/jQueryAssets/images/ui-bg_diagonals-thick_18_b81900_40x40.png]
[wireless-experts.com/jQueryAssets/images/ui-icons_222222_256x240.png]
[wireless-experts.com/jQueryAssets/images/ui-icons_ffffff_256x240.png]
[wireless-experts.com/jQueryAssets/images/ui-icons_ef8c08_256x240.png]
[wireless-experts.com/jQueryAssets/images/ui-icons_228ef1_256x240.png]
[wireless-experts.com/jQueryAssets/images/ui-icons_ffd27a_256x240.png]
[wireless-experts.com/jQueryAssets/images/ui-bg_diagonals-thick_20_666666_40x40.png]
[wireless-experts.com/jQueryAssets/images/ui-bg_flat_10_000000_40x100.png]
[wireless-experts.com/jQueryAssets/jquery.ui.theme.min.css]
[wireless-experts.com/jQueryAssets/jquery.ui.accordion.min.css]
[cse.google.com/cse07b6.html]
[wireless-experts.com/PTS4077F.html]
[wireless-experts.com/PIM-21B.html]
[wireless-experts.com/phLCDTv&MP.html]
[wireless-experts.com/government.html]
[wireless-experts.com/education.html]
[wireless-experts.com/healthcare.html]
[wireless-experts.com/fonts/fontawesome-webfont5b62.eot]
[wireless-experts.com/fonts/fontawesome-webfontd41d.eot]
[wireless-experts.com/fonts/fontawesome-webfont5b62.woff2]
[wireless-experts.com/fonts/fontawesome-webfont5b62.woff]
[wireless-experts.com/fonts/fontawesome-webfont5b62.ttf]
[wireless-experts.com/fonts/fontawesome-webfont5b62.svg]
[wireless-experts.com/css/font-awesome.min.css]
[wireless-experts.com/css/Footer-with-button-logo.css]
[wireless-experts.com/reseller.html]
[img1.wsimg.com/tcc/tcc_l.combined.1.0.6.min.js]
[wireless-experts.com/css/accordion.css]
[wireless-experts.com/index-2.html]
[wireless-experts.com/sourceComponents.html]
[wireless-experts.com/directionalSpeakers.html]
[wireless-experts.com/AudioSystems.html]
[wireless-experts.com/DistributedAVEntertainmentSystems.html]
[wireless-experts.com/Amplifiers.html]
[wireless-experts.com/HDMI-VGA-SD-CATS.html]
[wireless-experts.com/SecurityCameras&Devices.html]
[wireless-experts.com/HealthCare-Hospitality-Industrial-Devices.html]
[wireless-experts.com/Acessories&Miscellaneous.html]
[wireless-experts.com/In-Wall.html]
[wireless-experts.com/css/style.css]
[wireless-experts.com/css/market.css]
[wireless-experts.com/filler.html]
[wireless-experts.com/pmod.html]
[wireless-experts.com/ABCDEFGHIJKLMNOPQRSTUVWXYZabcdefghijklmnopqrstuvwxyz0123456789+/index.html]
[wireless-experts.com/^([^_/indexd41d.html]
[wireless-experts.com/restserver.245.delayed]
[connect.facebook.net/en_US/sdk.js]
[cdnjs.cloudflare.com/ajax/libs/font-awesome/4.6.3/css/font-awesome.min.css]
[wireless-experts.com/css/press-release.css]
[wireless-experts.com/images/pdf/tpa.html]
[wireless-experts.com/images/png/Icons/PDF.png]
[cdnjs.cloudflare.com/ajax/libs/font-awesome/4.6.3/fonts/fontawesome-webfont5b62.svg]
[wireless-experts.com/pha-48.html]
[cdnjs.cloudflare.com/ajax/libs/font-awesome/4.7.0/css/font-awesome.min.css]
[wireless-experts.com/fonts/glyphicons-halflings-regular.svg]
[wireless-experts.com/jQueryAssets/images/ui-bg_glass_65_ffffff_1x400.html]
[wireless-experts.com/jQueryAssets/images/ui-icons_222222_256x240.html]
[wireless-experts.com/fonts/fontawesome-webfont5b62.html]
[wireless-experts.com/fonts/fontawesome-webfontd41d.html]
[wireless-experts.com/fonts/fontawesome-webfont5b62-2.html]
[wireless-experts.com/fonts/fontawesome-webfont5b62-3.html]
[wireless-experts.com/fonts/fontawesome-webfont5b62-4.html]
[wireless-experts.com/fonts/fontawesome-webfont5b62-5.html]
[wireless-experts.com/index-2.html]
[wireless-experts.com/ABCDEFGHIJKLMNOPQRSTUVWXYZabcdefghijklmnopqrstuvwxyz0123456789+/index.html]
[wireless-experts.com/^([^_/indexd41d.html]
[wireless-experts.com/restserver.html]
[cdnjs.cloudflare.com/ajax/libs/font-awesome/4.6.3/fonts/fontawesome-webfont5b62.svg]
[cdnjs.cloudflare.com/ajax/libs/font-awesome/4.7.0/fonts/fontawesome-webfont3e6e.svg]
[cdnjs.cloudflare.com/ajax/libs/font-awesome/4.7.0/fonts/fontawesome-webfont3e6e.svg]
